   Qt/MSBuild: 3.4.1.0
   Qt: 6.8.3
  PermissionManager.cpp
  TaskController.cpp
C:\Users\Thomas\Documents\projet_gpi\QtQuickApplication1\QtQuickApplication1\QtQuickApplication1\TaskController.h(1,1): warning C4828: Le fichier contient un caractère qui débute à l'offset 0x7d1 et qui est non conforme dans le jeu de caractères source actuel (page de codes 65001). (compilation du fichier source TaskController.cpp)
C:\Users\Thomas\Documents\projet_gpi\QtQuickApplication1\QtQuickApplication1\QtQuickApplication1\Role.h(1,1): warning C4828: Le fichier contient un caractère qui débute à l'offset 0xe4 et qui est non conforme dans le jeu de caractères source actuel (page de codes 65001). (compilation du fichier source PermissionManager.cpp)
C:\Users\Thomas\Documents\projet_gpi\QtQuickApplication1\QtQuickApplication1\QtQuickApplication1\TaskController.h(1,1): warning C4828: Le fichier contient un caractère qui débute à l'offset 0x7ef et qui est non conforme dans le jeu de caractères source actuel (page de codes 65001). (compilation du fichier source TaskController.cpp)
C:\Users\Thomas\Documents\projet_gpi\QtQuickApplication1\QtQuickApplication1\QtQuickApplication1\TaskController.h(1,1): warning C4828: Le fichier contient un caractère qui débute à l'offset 0xad3 et qui est non conforme dans le jeu de caractères source actuel (page de codes 65001). (compilation du fichier source TaskController.cpp)
C:\Users\Thomas\Documents\projet_gpi\QtQuickApplication1\QtQuickApplication1\QtQuickApplication1\TaskController.h(1,1): warning C4828: Le fichier contient un caractère qui débute à l'offset 0xb1f et qui est non conforme dans le jeu de caractères source actuel (page de codes 65001). (compilation du fichier source TaskController.cpp)
C:\Users\Thomas\Documents\projet_gpi\QtQuickApplication1\QtQuickApplication1\QtQuickApplication1\TaskController.h(1,1): warning C4828: Le fichier contient un caractère qui débute à l'offset 0xcd8 et qui est non conforme dans le jeu de caractères source actuel (page de codes 65001). (compilation du fichier source TaskController.cpp)
C:\Users\Thomas\Documents\projet_gpi\QtQuickApplication1\QtQuickApplication1\QtQuickApplication1\TaskController.h(1,1): warning C4828: Le fichier contient un caractère qui débute à l'offset 0xd62 et qui est non conforme dans le jeu de caractères source actuel (page de codes 65001). (compilation du fichier source TaskController.cpp)
C:\Users\Thomas\Documents\projet_gpi\QtQuickApplication1\QtQuickApplication1\QtQuickApplication1\TaskController.h(1,1): warning C4828: Le fichier contient un caractère qui débute à l'offset 0xe94 et qui est non conforme dans le jeu de caractères source actuel (page de codes 65001). (compilation du fichier source TaskController.cpp)
C:\Users\Thomas\Documents\projet_gpi\QtQuickApplication1\QtQuickApplication1\QtQuickApplication1\TaskData.h(1,1): warning C4828: Le fichier contient un caractère qui débute à l'offset 0x134 et qui est non conforme dans le jeu de caractères source actuel (page de codes 65001). (compilation du fichier source TaskController.cpp)
C:\Users\Thomas\Documents\projet_gpi\QtQuickApplication1\QtQuickApplication1\QtQuickApplication1\TaskData.h(1,1): warning C4828: Le fichier contient un caractère qui débute à l'offset 0x31c et qui est non conforme dans le jeu de caractères source actuel (page de codes 65001). (compilation du fichier source TaskController.cpp)
C:\Users\Thomas\Documents\projet_gpi\QtQuickApplication1\QtQuickApplication1\QtQuickApplication1\TaskData.h(1,1): warning C4828: Le fichier contient un caractère qui débute à l'offset 0x356 et qui est non conforme dans le jeu de caractères source actuel (page de codes 65001). (compilation du fichier source TaskController.cpp)
C:\Users\Thomas\Documents\projet_gpi\QtQuickApplication1\QtQuickApplication1\QtQuickApplication1\TaskData.h(1,1): warning C4828: Le fichier contient un caractère qui débute à l'offset 0x38f et qui est non conforme dans le jeu de caractères source actuel (page de codes 65001). (compilation du fichier source TaskController.cpp)
C:\Users\Thomas\Documents\projet_gpi\QtQuickApplication1\QtQuickApplication1\QtQuickApplication1\Role.h(1,1): warning C4828: Le fichier contient un caractère qui débute à l'offset 0xe4 et qui est non conforme dans le jeu de caractères source actuel (page de codes 65001). (compilation du fichier source TaskController.cpp)
  Génération de code en cours
  7 of 2147 functions ( 0.3%) were compiled, the rest were copied from previous compilation.
    0 functions were new in current compilation
    41 functions had inline decision re-evaluated but remain unchanged
  Fin de la génération du code
  QtQuickApplication1.vcxproj -> C:\Users\Thomas\Documents\projet_gpi\QtQuickApplication1\QtQuickApplication1\x64\Release\QtQuickApplication1.exe
  'pwsh.exe' n'est pas reconnu en tant que commande interne
  ou externe, un programme exécutable ou un fichier de commandes.
