   Qt/MSBuild: 3.4.1.0
  Reading Qt configuration (C:/Qt/6.8.3/msvc2022_64/bin/qmake)
   Qt: 6.8.3
  rcc qml.qrc
  moc controllers\LoginController.h
  moc controllers\ProjectController.h
  moc controllers\TaskController.h
  moc security\PermissionManager.h
  LoginController.cpp
  ProjectController.cpp
  TaskController.cpp
  DatabaseManager.cpp
  main.cpp
  User.cpp
  PermissionManager.cpp
C:\Users\Thomas\Documents\projet_gpi\QtQuickApplication1\QtQuickApplication1\QtQuickApplication1\controllers\LoginController.cpp(1,1): warning C4828: Le fichier contient un caractère qui débute à l'offset 0x883 et qui est non conforme dans le jeu de caractères source actuel (page de codes 65001).
C:\Users\Thomas\Documents\projet_gpi\QtQuickApplication1\QtQuickApplication1\QtQuickApplication1\controllers\LoginController.cpp(1,1): warning C4828: Le fichier contient un caractère qui débute à l'offset 0x894 et qui est non conforme dans le jeu de caractères source actuel (page de codes 65001).
  Security.cpp
C:\Users\Thomas\Documents\projet_gpi\QtQuickApplication1\QtQuickApplication1\QtQuickApplication1\security\Role.h(1,1): warning C4828: Le fichier contient un caractère qui débute à l'offset 0xe4 et qui est non conforme dans le jeu de caractères source actuel (page de codes 65001). (compilation du fichier source models\User.cpp)
C:\Users\Thomas\Documents\projet_gpi\QtQuickApplication1\QtQuickApplication1\QtQuickApplication1\security\Role.h(1,1): warning C4828: Le fichier contient un caractère qui débute à l'offset 0xe4 et qui est non conforme dans le jeu de caractères source actuel (page de codes 65001). (compilation du fichier source security\PermissionManager.cpp)
C:\Users\Thomas\Documents\projet_gpi\QtQuickApplication1\QtQuickApplication1\QtQuickApplication1\controllers\TaskController.h(1,1): warning C4828: Le fichier contient un caractère qui débute à l'offset 0x8ff et qui est non conforme dans le jeu de caractères source actuel (page de codes 65001). (compilation du fichier source controllers\TaskController.cpp)
C:\Users\Thomas\Documents\projet_gpi\QtQuickApplication1\QtQuickApplication1\QtQuickApplication1\controllers\TaskController.h(1,1): warning C4828: Le fichier contient un caractère qui débute à l'offset 0x91d et qui est non conforme dans le jeu de caractères source actuel (page de codes 65001). (compilation du fichier source controllers\TaskController.cpp)
C:\Users\Thomas\Documents\projet_gpi\QtQuickApplication1\QtQuickApplication1\QtQuickApplication1\controllers\TaskController.h(1,1): warning C4828: Le fichier contient un caractère qui débute à l'offset 0xc74 et qui est non conforme dans le jeu de caractères source actuel (page de codes 65001). (compilation du fichier source controllers\TaskController.cpp)
C:\Users\Thomas\Documents\projet_gpi\QtQuickApplication1\QtQuickApplication1\QtQuickApplication1\controllers\TaskController.h(1,1): warning C4828: Le fichier contient un caractère qui débute à l'offset 0xcc0 et qui est non conforme dans le jeu de caractères source actuel (page de codes 65001). (compilation du fichier source controllers\TaskController.cpp)
C:\Users\Thomas\Documents\projet_gpi\QtQuickApplication1\QtQuickApplication1\QtQuickApplication1\controllers\TaskController.h(1,1): warning C4828: Le fichier contient un caractère qui débute à l'offset 0xe79 et qui est non conforme dans le jeu de caractères source actuel (page de codes 65001). (compilation du fichier source controllers\TaskController.cpp)
C:\Users\Thomas\Documents\projet_gpi\QtQuickApplication1\QtQuickApplication1\QtQuickApplication1\controllers\TaskController.h(1,1): warning C4828: Le fichier contient un caractère qui débute à l'offset 0xf03 et qui est non conforme dans le jeu de caractères source actuel (page de codes 65001). (compilation du fichier source controllers\TaskController.cpp)
C:\Users\Thomas\Documents\projet_gpi\QtQuickApplication1\QtQuickApplication1\QtQuickApplication1\controllers\TaskController.h(1,1): warning C4828: Le fichier contient un caractère qui débute à l'offset 0x1035 et qui est non conforme dans le jeu de caractères source actuel (page de codes 65001). (compilation du fichier source controllers\TaskController.cpp)
C:\Users\Thomas\Documents\projet_gpi\QtQuickApplication1\QtQuickApplication1\QtQuickApplication1\models\TaskData.h(1,1): warning C4828: Le fichier contient un caractère qui débute à l'offset 0x134 et qui est non conforme dans le jeu de caractères source actuel (page de codes 65001). (compilation du fichier source DatabaseManager.cpp)
C:\Users\Thomas\Documents\projet_gpi\QtQuickApplication1\QtQuickApplication1\QtQuickApplication1\models\TaskData.h(1,1): warning C4828: Le fichier contient un caractère qui débute à l'offset 0x31c et qui est non conforme dans le jeu de caractères source actuel (page de codes 65001). (compilation du fichier source DatabaseManager.cpp)
C:\Users\Thomas\Documents\projet_gpi\QtQuickApplication1\QtQuickApplication1\QtQuickApplication1\models\TaskData.h(1,1): warning C4828: Le fichier contient un caractère qui débute à l'offset 0x356 et qui est non conforme dans le jeu de caractères source actuel (page de codes 65001). (compilation du fichier source DatabaseManager.cpp)
C:\Users\Thomas\Documents\projet_gpi\QtQuickApplication1\QtQuickApplication1\QtQuickApplication1\models\TaskData.h(1,1): warning C4828: Le fichier contient un caractère qui débute à l'offset 0x38f et qui est non conforme dans le jeu de caractères source actuel (page de codes 65001). (compilation du fichier source DatabaseManager.cpp)
C:\Users\Thomas\Documents\projet_gpi\QtQuickApplication1\QtQuickApplication1\QtQuickApplication1\models\TaskData.h(1,1): warning C4828: Le fichier contient un caractère qui débute à l'offset 0x134 et qui est non conforme dans le jeu de caractères source actuel (page de codes 65001). (compilation du fichier source controllers\LoginController.cpp)
C:\Users\Thomas\Documents\projet_gpi\QtQuickApplication1\QtQuickApplication1\QtQuickApplication1\models\TaskData.h(1,1): warning C4828: Le fichier contient un caractère qui débute à l'offset 0x31c et qui est non conforme dans le jeu de caractères source actuel (page de codes 65001). (compilation du fichier source controllers\LoginController.cpp)
C:\Users\Thomas\Documents\projet_gpi\QtQuickApplication1\QtQuickApplication1\QtQuickApplication1\models\TaskData.h(1,1): warning C4828: Le fichier contient un caractère qui débute à l'offset 0x356 et qui est non conforme dans le jeu de caractères source actuel (page de codes 65001). (compilation du fichier source controllers\LoginController.cpp)
C:\Users\Thomas\Documents\projet_gpi\QtQuickApplication1\QtQuickApplication1\QtQuickApplication1\models\TaskData.h(1,1): warning C4828: Le fichier contient un caractère qui débute à l'offset 0x38f et qui est non conforme dans le jeu de caractères source actuel (page de codes 65001). (compilation du fichier source controllers\LoginController.cpp)
C:\Users\Thomas\Documents\projet_gpi\QtQuickApplication1\QtQuickApplication1\QtQuickApplication1\security\Role.h(1,1): warning C4828: Le fichier contient un caractère qui débute à l'offset 0xe4 et qui est non conforme dans le jeu de caractères source actuel (page de codes 65001). (compilation du fichier source controllers\LoginController.cpp)
C:\Users\Thomas\Documents\projet_gpi\QtQuickApplication1\QtQuickApplication1\QtQuickApplication1\models\TaskData.h(1,1): warning C4828: Le fichier contient un caractère qui débute à l'offset 0x134 et qui est non conforme dans le jeu de caractères source actuel (page de codes 65001). (compilation du fichier source controllers\ProjectController.cpp)
C:\Users\Thomas\Documents\projet_gpi\QtQuickApplication1\QtQuickApplication1\QtQuickApplication1\models\TaskData.h(1,1): warning C4828: Le fichier contient un caractère qui débute à l'offset 0x31c et qui est non conforme dans le jeu de caractères source actuel (page de codes 65001). (compilation du fichier source controllers\ProjectController.cpp)
C:\Users\Thomas\Documents\projet_gpi\QtQuickApplication1\QtQuickApplication1\QtQuickApplication1\models\TaskData.h(1,1): warning C4828: Le fichier contient un caractère qui débute à l'offset 0x356 et qui est non conforme dans le jeu de caractères source actuel (page de codes 65001). (compilation du fichier source controllers\ProjectController.cpp)
C:\Users\Thomas\Documents\projet_gpi\QtQuickApplication1\QtQuickApplication1\QtQuickApplication1\models\TaskData.h(1,1): warning C4828: Le fichier contient un caractère qui débute à l'offset 0x38f et qui est non conforme dans le jeu de caractères source actuel (page de codes 65001). (compilation du fichier source controllers\ProjectController.cpp)
C:\Users\Thomas\Documents\projet_gpi\QtQuickApplication1\QtQuickApplication1\QtQuickApplication1\models\TaskData.h(1,1): warning C4828: Le fichier contient un caractère qui débute à l'offset 0x134 et qui est non conforme dans le jeu de caractères source actuel (page de codes 65001). (compilation du fichier source controllers\TaskController.cpp)
C:\Users\Thomas\Documents\projet_gpi\QtQuickApplication1\QtQuickApplication1\QtQuickApplication1\models\TaskData.h(1,1): warning C4828: Le fichier contient un caractère qui débute à l'offset 0x31c et qui est non conforme dans le jeu de caractères source actuel (page de codes 65001). (compilation du fichier source controllers\TaskController.cpp)
C:\Users\Thomas\Documents\projet_gpi\QtQuickApplication1\QtQuickApplication1\QtQuickApplication1\models\TaskData.h(1,1): warning C4828: Le fichier contient un caractère qui débute à l'offset 0x356 et qui est non conforme dans le jeu de caractères source actuel (page de codes 65001). (compilation du fichier source controllers\TaskController.cpp)
C:\Users\Thomas\Documents\projet_gpi\QtQuickApplication1\QtQuickApplication1\QtQuickApplication1\models\TaskData.h(1,1): warning C4828: Le fichier contient un caractère qui débute à l'offset 0x38f et qui est non conforme dans le jeu de caractères source actuel (page de codes 65001). (compilation du fichier source controllers\TaskController.cpp)
C:\Users\Thomas\Documents\projet_gpi\QtQuickApplication1\QtQuickApplication1\QtQuickApplication1\security\Role.h(1,1): warning C4828: Le fichier contient un caractère qui débute à l'offset 0xe4 et qui est non conforme dans le jeu de caractères source actuel (page de codes 65001). (compilation du fichier source DatabaseManager.cpp)
C:\Users\Thomas\Documents\projet_gpi\QtQuickApplication1\QtQuickApplication1\QtQuickApplication1\security\Role.h(1,1): warning C4828: Le fichier contient un caractère qui débute à l'offset 0xe4 et qui est non conforme dans le jeu de caractères source actuel (page de codes 65001). (compilation du fichier source controllers\ProjectController.cpp)
C:\Users\Thomas\Documents\projet_gpi\QtQuickApplication1\QtQuickApplication1\QtQuickApplication1\security\Role.h(1,1): warning C4828: Le fichier contient un caractère qui débute à l'offset 0xe4 et qui est non conforme dans le jeu de caractères source actuel (page de codes 65001). (compilation du fichier source controllers\TaskController.cpp)
C:\Users\Thomas\Documents\projet_gpi\QtQuickApplication1\QtQuickApplication1\QtQuickApplication1\controllers\Taskcontroller.h(1,1): warning C4828: Le fichier contient un caractère qui débute à l'offset 0x8ff et qui est non conforme dans le jeu de caractères source actuel (page de codes 65001). (compilation du fichier source DatabaseManager.cpp)
C:\Users\Thomas\Documents\projet_gpi\QtQuickApplication1\QtQuickApplication1\QtQuickApplication1\controllers\Taskcontroller.h(1,1): warning C4828: Le fichier contient un caractère qui débute à l'offset 0x91d et qui est non conforme dans le jeu de caractères source actuel (page de codes 65001). (compilation du fichier source DatabaseManager.cpp)
C:\Users\Thomas\Documents\projet_gpi\QtQuickApplication1\QtQuickApplication1\QtQuickApplication1\controllers\Taskcontroller.h(1,1): warning C4828: Le fichier contient un caractère qui débute à l'offset 0xc74 et qui est non conforme dans le jeu de caractères source actuel (page de codes 65001). (compilation du fichier source DatabaseManager.cpp)
C:\Users\Thomas\Documents\projet_gpi\QtQuickApplication1\QtQuickApplication1\QtQuickApplication1\controllers\Taskcontroller.h(1,1): warning C4828: Le fichier contient un caractère qui débute à l'offset 0xcc0 et qui est non conforme dans le jeu de caractères source actuel (page de codes 65001). (compilation du fichier source DatabaseManager.cpp)
C:\Users\Thomas\Documents\projet_gpi\QtQuickApplication1\QtQuickApplication1\QtQuickApplication1\controllers\Taskcontroller.h(1,1): warning C4828: Le fichier contient un caractère qui débute à l'offset 0xe79 et qui est non conforme dans le jeu de caractères source actuel (page de codes 65001). (compilation du fichier source DatabaseManager.cpp)
C:\Users\Thomas\Documents\projet_gpi\QtQuickApplication1\QtQuickApplication1\QtQuickApplication1\controllers\Taskcontroller.h(1,1): warning C4828: Le fichier contient un caractère qui débute à l'offset 0xf03 et qui est non conforme dans le jeu de caractères source actuel (page de codes 65001). (compilation du fichier source DatabaseManager.cpp)
C:\Users\Thomas\Documents\projet_gpi\QtQuickApplication1\QtQuickApplication1\QtQuickApplication1\controllers\Taskcontroller.h(1,1): warning C4828: Le fichier contient un caractère qui débute à l'offset 0x1035 et qui est non conforme dans le jeu de caractères source actuel (page de codes 65001). (compilation du fichier source DatabaseManager.cpp)
C:\Users\Thomas\Documents\projet_gpi\QtQuickApplication1\QtQuickApplication1\QtQuickApplication1\models\TaskData.h(1,1): warning C4828: Le fichier contient un caractère qui débute à l'offset 0x134 et qui est non conforme dans le jeu de caractères source actuel (page de codes 65001). (compilation du fichier source main.cpp)
C:\Users\Thomas\Documents\projet_gpi\QtQuickApplication1\QtQuickApplication1\QtQuickApplication1\models\TaskData.h(1,1): warning C4828: Le fichier contient un caractère qui débute à l'offset 0x31c et qui est non conforme dans le jeu de caractères source actuel (page de codes 65001). (compilation du fichier source main.cpp)
C:\Users\Thomas\Documents\projet_gpi\QtQuickApplication1\QtQuickApplication1\QtQuickApplication1\models\TaskData.h(1,1): warning C4828: Le fichier contient un caractère qui débute à l'offset 0x356 et qui est non conforme dans le jeu de caractères source actuel (page de codes 65001). (compilation du fichier source main.cpp)
C:\Users\Thomas\Documents\projet_gpi\QtQuickApplication1\QtQuickApplication1\QtQuickApplication1\models\TaskData.h(1,1): warning C4828: Le fichier contient un caractère qui débute à l'offset 0x38f et qui est non conforme dans le jeu de caractères source actuel (page de codes 65001). (compilation du fichier source main.cpp)
C:\Users\Thomas\Documents\projet_gpi\QtQuickApplication1\QtQuickApplication1\QtQuickApplication1\security\Role.h(1,1): warning C4828: Le fichier contient un caractère qui débute à l'offset 0xe4 et qui est non conforme dans le jeu de caractères source actuel (page de codes 65001). (compilation du fichier source main.cpp)
C:\Users\Thomas\Documents\projet_gpi\QtQuickApplication1\QtQuickApplication1\QtQuickApplication1\controllers\TaskController.h(1,1): warning C4828: Le fichier contient un caractère qui débute à l'offset 0x8ff et qui est non conforme dans le jeu de caractères source actuel (page de codes 65001). (compilation du fichier source main.cpp)
C:\Users\Thomas\Documents\projet_gpi\QtQuickApplication1\QtQuickApplication1\QtQuickApplication1\controllers\TaskController.h(1,1): warning C4828: Le fichier contient un caractère qui débute à l'offset 0x91d et qui est non conforme dans le jeu de caractères source actuel (page de codes 65001). (compilation du fichier source main.cpp)
C:\Users\Thomas\Documents\projet_gpi\QtQuickApplication1\QtQuickApplication1\QtQuickApplication1\controllers\TaskController.h(1,1): warning C4828: Le fichier contient un caractère qui débute à l'offset 0xc74 et qui est non conforme dans le jeu de caractères source actuel (page de codes 65001). (compilation du fichier source main.cpp)
C:\Users\Thomas\Documents\projet_gpi\QtQuickApplication1\QtQuickApplication1\QtQuickApplication1\controllers\TaskController.h(1,1): warning C4828: Le fichier contient un caractère qui débute à l'offset 0xcc0 et qui est non conforme dans le jeu de caractères source actuel (page de codes 65001). (compilation du fichier source main.cpp)
C:\Users\Thomas\Documents\projet_gpi\QtQuickApplication1\QtQuickApplication1\QtQuickApplication1\controllers\TaskController.h(1,1): warning C4828: Le fichier contient un caractère qui débute à l'offset 0xe79 et qui est non conforme dans le jeu de caractères source actuel (page de codes 65001). (compilation du fichier source main.cpp)
C:\Users\Thomas\Documents\projet_gpi\QtQuickApplication1\QtQuickApplication1\QtQuickApplication1\controllers\TaskController.h(1,1): warning C4828: Le fichier contient un caractère qui débute à l'offset 0xf03 et qui est non conforme dans le jeu de caractères source actuel (page de codes 65001). (compilation du fichier source main.cpp)
C:\Users\Thomas\Documents\projet_gpi\QtQuickApplication1\QtQuickApplication1\QtQuickApplication1\controllers\TaskController.h(1,1): warning C4828: Le fichier contient un caractère qui débute à l'offset 0x1035 et qui est non conforme dans le jeu de caractères source actuel (page de codes 65001). (compilation du fichier source main.cpp)
  qrc_qml.cpp
  moc_LoginController.cpp
  moc_ProjectController.cpp
  moc_TaskController.cpp
  moc_PermissionManager.cpp
C:\Users\Thomas\Documents\projet_gpi\QtQuickApplication1\QtQuickApplication1\QtQuickApplication1\controllers\TaskController.h(1,1): warning C4828: Le fichier contient un caractère qui débute à l'offset 0x8ff et qui est non conforme dans le jeu de caractères source actuel (page de codes 65001). (compilation du fichier source x64\Debug\qt\moc\moc_TaskController.cpp)
C:\Users\Thomas\Documents\projet_gpi\QtQuickApplication1\QtQuickApplication1\QtQuickApplication1\controllers\TaskController.h(1,1): warning C4828: Le fichier contient un caractère qui débute à l'offset 0x91d et qui est non conforme dans le jeu de caractères source actuel (page de codes 65001). (compilation du fichier source x64\Debug\qt\moc\moc_TaskController.cpp)
C:\Users\Thomas\Documents\projet_gpi\QtQuickApplication1\QtQuickApplication1\QtQuickApplication1\controllers\TaskController.h(1,1): warning C4828: Le fichier contient un caractère qui débute à l'offset 0xc74 et qui est non conforme dans le jeu de caractères source actuel (page de codes 65001). (compilation du fichier source x64\Debug\qt\moc\moc_TaskController.cpp)
C:\Users\Thomas\Documents\projet_gpi\QtQuickApplication1\QtQuickApplication1\QtQuickApplication1\controllers\TaskController.h(1,1): warning C4828: Le fichier contient un caractère qui débute à l'offset 0xcc0 et qui est non conforme dans le jeu de caractères source actuel (page de codes 65001). (compilation du fichier source x64\Debug\qt\moc\moc_TaskController.cpp)
C:\Users\Thomas\Documents\projet_gpi\QtQuickApplication1\QtQuickApplication1\QtQuickApplication1\controllers\TaskController.h(1,1): warning C4828: Le fichier contient un caractère qui débute à l'offset 0xe79 et qui est non conforme dans le jeu de caractères source actuel (page de codes 65001). (compilation du fichier source x64\Debug\qt\moc\moc_TaskController.cpp)
C:\Users\Thomas\Documents\projet_gpi\QtQuickApplication1\QtQuickApplication1\QtQuickApplication1\security\Role.h(1,1): warning C4828: Le fichier contient un caractère qui débute à l'offset 0xe4 et qui est non conforme dans le jeu de caractères source actuel (page de codes 65001). (compilation du fichier source x64\Debug\qt\moc\moc_PermissionManager.cpp)
C:\Users\Thomas\Documents\projet_gpi\QtQuickApplication1\QtQuickApplication1\QtQuickApplication1\controllers\TaskController.h(1,1): warning C4828: Le fichier contient un caractère qui débute à l'offset 0xf03 et qui est non conforme dans le jeu de caractères source actuel (page de codes 65001). (compilation du fichier source x64\Debug\qt\moc\moc_TaskController.cpp)
C:\Users\Thomas\Documents\projet_gpi\QtQuickApplication1\QtQuickApplication1\QtQuickApplication1\controllers\TaskController.h(1,1): warning C4828: Le fichier contient un caractère qui débute à l'offset 0x1035 et qui est non conforme dans le jeu de caractères source actuel (page de codes 65001). (compilation du fichier source x64\Debug\qt\moc\moc_TaskController.cpp)
C:\Users\Thomas\Documents\projet_gpi\QtQuickApplication1\QtQuickApplication1\QtQuickApplication1\models\TaskData.h(1,1): warning C4828: Le fichier contient un caractère qui débute à l'offset 0x134 et qui est non conforme dans le jeu de caractères source actuel (page de codes 65001). (compilation du fichier source x64\Debug\qt\moc\moc_ProjectController.cpp)
C:\Users\Thomas\Documents\projet_gpi\QtQuickApplication1\QtQuickApplication1\QtQuickApplication1\models\TaskData.h(1,1): warning C4828: Le fichier contient un caractère qui débute à l'offset 0x31c et qui est non conforme dans le jeu de caractères source actuel (page de codes 65001). (compilation du fichier source x64\Debug\qt\moc\moc_ProjectController.cpp)
C:\Users\Thomas\Documents\projet_gpi\QtQuickApplication1\QtQuickApplication1\QtQuickApplication1\models\TaskData.h(1,1): warning C4828: Le fichier contient un caractère qui débute à l'offset 0x356 et qui est non conforme dans le jeu de caractères source actuel (page de codes 65001). (compilation du fichier source x64\Debug\qt\moc\moc_ProjectController.cpp)
C:\Users\Thomas\Documents\projet_gpi\QtQuickApplication1\QtQuickApplication1\QtQuickApplication1\models\TaskData.h(1,1): warning C4828: Le fichier contient un caractère qui débute à l'offset 0x38f et qui est non conforme dans le jeu de caractères source actuel (page de codes 65001). (compilation du fichier source x64\Debug\qt\moc\moc_ProjectController.cpp)
C:\Users\Thomas\Documents\projet_gpi\QtQuickApplication1\QtQuickApplication1\QtQuickApplication1\security\Role.h(1,1): warning C4828: Le fichier contient un caractère qui débute à l'offset 0xe4 et qui est non conforme dans le jeu de caractères source actuel (page de codes 65001). (compilation du fichier source x64\Debug\qt\moc\moc_ProjectController.cpp)
C:\Users\Thomas\Documents\projet_gpi\QtQuickApplication1\QtQuickApplication1\QtQuickApplication1\models\TaskData.h(1,1): warning C4828: Le fichier contient un caractère qui débute à l'offset 0x134 et qui est non conforme dans le jeu de caractères source actuel (page de codes 65001). (compilation du fichier source x64\Debug\qt\moc\moc_TaskController.cpp)
C:\Users\Thomas\Documents\projet_gpi\QtQuickApplication1\QtQuickApplication1\QtQuickApplication1\models\TaskData.h(1,1): warning C4828: Le fichier contient un caractère qui débute à l'offset 0x31c et qui est non conforme dans le jeu de caractères source actuel (page de codes 65001). (compilation du fichier source x64\Debug\qt\moc\moc_TaskController.cpp)
C:\Users\Thomas\Documents\projet_gpi\QtQuickApplication1\QtQuickApplication1\QtQuickApplication1\models\TaskData.h(1,1): warning C4828: Le fichier contient un caractère qui débute à l'offset 0x356 et qui est non conforme dans le jeu de caractères source actuel (page de codes 65001). (compilation du fichier source x64\Debug\qt\moc\moc_TaskController.cpp)
C:\Users\Thomas\Documents\projet_gpi\QtQuickApplication1\QtQuickApplication1\QtQuickApplication1\models\TaskData.h(1,1): warning C4828: Le fichier contient un caractère qui débute à l'offset 0x38f et qui est non conforme dans le jeu de caractères source actuel (page de codes 65001). (compilation du fichier source x64\Debug\qt\moc\moc_TaskController.cpp)
C:\Users\Thomas\Documents\projet_gpi\QtQuickApplication1\QtQuickApplication1\QtQuickApplication1\security\Role.h(1,1): warning C4828: Le fichier contient un caractère qui débute à l'offset 0xe4 et qui est non conforme dans le jeu de caractères source actuel (page de codes 65001). (compilation du fichier source x64\Debug\qt\moc\moc_TaskController.cpp)
  QtQuickApplication1.vcxproj -> C:\Users\Thomas\Documents\projet_gpi\QtQuickApplication1\QtQuickApplication1\x64\Debug\QtQuickApplication1.exe
  'pwsh.exe' n'est pas reconnu en tant que commande interne
  ou externe, un programme exécutable ou un fichier de commandes.
