c:\users\thomas\documents\projet_gpi\qtquickapplication1\qtquickapplication1\qtquickapplication1\x64\debug\vc142.pdb
c:\users\thomas\documents\projet_gpi\qtquickapplication1\qtquickapplication1\qtquickapplication1\x64\debug\qrc_qml.obj
c:\users\thomas\documents\projet_gpi\qtquickapplication1\qtquickapplication1\qtquickapplication1\x64\debug\permissionmanager.obj
c:\users\thomas\documents\projet_gpi\qtquickapplication1\qtquickapplication1\qtquickapplication1\x64\debug\main.obj
c:\users\thomas\documents\projet_gpi\qtquickapplication1\qtquickapplication1\qtquickapplication1\x64\debug\taskcontroller.obj
c:\users\thomas\documents\projet_gpi\qtquickapplication1\qtquickapplication1\qtquickapplication1\x64\debug\security.obj
c:\users\thomas\documents\projet_gpi\qtquickapplication1\qtquickapplication1\qtquickapplication1\x64\debug\logincontroller.obj
c:\users\thomas\documents\projet_gpi\qtquickapplication1\qtquickapplication1\qtquickapplication1\x64\debug\projectcontroller.obj
c:\users\thomas\documents\projet_gpi\qtquickapplication1\qtquickapplication1\qtquickapplication1\x64\debug\user.obj
c:\users\thomas\documents\projet_gpi\qtquickapplication1\qtquickapplication1\qtquickapplication1\x64\debug\databasemanager.obj
c:\users\thomas\documents\projet_gpi\qtquickapplication1\qtquickapplication1\qtquickapplication1\x64\debug\moc_permissionmanager.obj
c:\users\thomas\documents\projet_gpi\qtquickapplication1\qtquickapplication1\qtquickapplication1\x64\debug\moc_taskcontroller.obj
c:\users\thomas\documents\projet_gpi\qtquickapplication1\qtquickapplication1\qtquickapplication1\x64\debug\moc_logincontroller.obj
c:\users\thomas\documents\projet_gpi\qtquickapplication1\qtquickapplication1\qtquickapplication1\x64\debug\moc_projectcontroller.obj
c:\users\thomas\documents\projet_gpi\qtquickapplication1\qtquickapplication1\qtquickapplication1\x64\debug\qtquickapplication1.ilk
c:\users\thomas\documents\projet_gpi\qtquickapplication1\qtquickapplication1\x64\debug\qtquickapplication1.exe
c:\users\thomas\documents\projet_gpi\qtquickapplication1\qtquickapplication1\x64\debug\qtquickapplication1.pdb
c:\users\thomas\documents\projet_gpi\qtquickapplication1\qtquickapplication1\qtquickapplication1\x64\debug\qt\moc\moc_logincontroller.cpp
c:\users\thomas\documents\projet_gpi\qtquickapplication1\qtquickapplication1\qtquickapplication1\x64\debug\qt\moc\moc_projectcontroller.cpp
c:\users\thomas\documents\projet_gpi\qtquickapplication1\qtquickapplication1\qtquickapplication1\x64\debug\qt\moc\moc_taskcontroller.cpp
c:\users\thomas\documents\projet_gpi\qtquickapplication1\qtquickapplication1\qtquickapplication1\x64\debug\qt\moc\moc_permissionmanager.cpp
c:\users\thomas\documents\projet_gpi\qtquickapplication1\qtquickapplication1\qtquickapplication1\x64\debug\qt\rcc\qrc_qml.cpp
c:\users\thomas\documents\projet_gpi\qtquickapplication1\qtquickapplication1\x64\debug\libcrypto-3-x64.dll
c:\users\thomas\documents\projet_gpi\qtquickapplication1\qtquickapplication1\qtquickapplication1\x64\debug\qtquicka.3868775b.tlog\cl.command.1.tlog
c:\users\thomas\documents\projet_gpi\qtquickapplication1\qtquickapplication1\qtquickapplication1\x64\debug\qtquicka.3868775b.tlog\cl.read.1.tlog
c:\users\thomas\documents\projet_gpi\qtquickapplication1\qtquickapplication1\qtquickapplication1\x64\debug\qtquicka.3868775b.tlog\cl.write.1.tlog
c:\users\thomas\documents\projet_gpi\qtquickapplication1\qtquickapplication1\qtquickapplication1\x64\debug\qtquicka.3868775b.tlog\link.command.1.tlog
c:\users\thomas\documents\projet_gpi\qtquickapplication1\qtquickapplication1\qtquickapplication1\x64\debug\qtquicka.3868775b.tlog\link.read.1.tlog
c:\users\thomas\documents\projet_gpi\qtquickapplication1\qtquickapplication1\qtquickapplication1\x64\debug\qtquicka.3868775b.tlog\link.write.1.tlog
c:\users\thomas\documents\projet_gpi\qtquickapplication1\qtquickapplication1\qtquickapplication1\x64\debug\qtquicka.3868775b.tlog\moc.read.1u.tlog
c:\users\thomas\documents\projet_gpi\qtquickapplication1\qtquickapplication1\qtquickapplication1\x64\debug\qtquicka.3868775b.tlog\moc.write.1u.tlog
c:\users\thomas\documents\projet_gpi\qtquickapplication1\qtquickapplication1\qtquickapplication1\x64\debug\qtquicka.3868775b.tlog\qtquickapplication1.write.1u.tlog
c:\users\thomas\documents\projet_gpi\qtquickapplication1\qtquickapplication1\qtquickapplication1\x64\debug\qtquicka.3868775b.tlog\rcc.read.1u.tlog
c:\users\thomas\documents\projet_gpi\qtquickapplication1\qtquickapplication1\qtquickapplication1\x64\debug\qtquicka.3868775b.tlog\rcc.write.1u.tlog
